
===== train sa_sensitivity_reflection_swap_s2 =====
$ /usr/bin/python3 train_v2.py --model hfl/chinese-macbert-base --lex_mode l1_intensity --source_aware --source_weights sentence=1:0.25,text=1:0.5,reflection=1:0.75,edu2021=1:1 --run_name sa_sensitivity_reflection_swap_s2 --seed 2 --epochs 4 --batch_size 32 --lr 2e-05 --max_len 256
/usr/local/lib/python3.12/dist-packages/jieba/__init__.py:44: SyntaxWarning: invalid escape sequence '\.'
  re_han_default = re.compile("([\u4E00-\u9FD5a-zA-Z0-9+#&\._%\-]+)", re.U)
/usr/local/lib/python3.12/dist-packages/jieba/__init__.py:46: SyntaxWarning: invalid escape sequence '\s'
  re_skip_default = re.compile("(\r\n|\s)", re.U)
/usr/local/lib/python3.12/dist-packages/jieba/finalseg/__init__.py:78: SyntaxWarning: invalid escape sequence '\.'
  re_skip = re.compile("([a-zA-Z0-9]+(?:\.\d+)?%?)")
Building prefix dict from the default dictionary ...
Dumping model to file cache /tmp/jieba.cache
Loading model cost 0.652 seconds.
Prefix dict has been built successfully.
2026-08-06 06:24:11.481838: I tensorflow/core/platform/cpu_feature_guard.cc:210] This TensorFlow binary is optimized to use available CPU instructions in performance-critical operations.
To enable the following instructions: AVX2 AVX512F FMA, in other operations, rebuild TensorFlow with the appropriate compiler flags.
run=sa_sensitivity_reflection_swap_s2 | device=cuda | model=hfl/chinese-macbert-base | lex=l1_intensity | aw=1.0 pcc_w=0.0 | src_aware=True | rank_aug=None | pooling=mean
train=9435 dev=253 val=200
lexicon dim = 31
source weights (V:A): {'sentence': (1.0, 0.25), 'text': (1.0, 0.5), 'reflection': (1.0, 0.75), 'edu2021': (1.0, 1.0), 'augment': (0.25, 0.0)}
  ep1 step50/295 loss=0.0108
  ep1 step100/295 loss=0.0088
  ep1 step150/295 loss=0.0076
  ep1 step200/295 loss=0.0069
  ep1 step250/295 loss=0.0065
[epoch 1] valence_MAE=0.5012 valence_PCC=0.7886 arousal_MAE=0.8296 arousal_PCC=0.6074  score=0.0326
  ep2 step50/295 loss=0.0035
  ep2 step100/295 loss=0.0036
  ep2 step150/295 loss=0.0036
  ep2 step200/295 loss=0.0036
  ep2 step250/295 loss=0.0036
[epoch 2] valence_MAE=0.4974 valence_PCC=0.8116 arousal_MAE=0.8310 arousal_PCC=0.6168  score=0.0500
  ep3 step50/295 loss=0.0027
  ep3 step100/295 loss=0.0027
  ep3 step150/295 loss=0.0027
  ep3 step200/295 loss=0.0027
  ep3 step250/295 loss=0.0027
[epoch 3] valence_MAE=0.4716 valence_PCC=0.8187 arousal_MAE=0.8205 arousal_PCC=0.6219  score=0.0742
  ep4 step50/295 loss=0.0022
  ep4 step100/295 loss=0.0022
  ep4 step150/295 loss=0.0022
  ep4 step200/295 loss=0.0022
  ep4 step250/295 loss=0.0022
[epoch 4] valence_MAE=0.4740 valence_PCC=0.8191 arousal_MAE=0.8356 arousal_PCC=0.6160  score=0.0628
best dev score = 0.0742
[best] valence_MAE=0.4716 valence_PCC=0.8187 arousal_MAE=0.8205 arousal_PCC=0.6219
submission -> /content/DSA-NIFT/outputs/sa_sensitivity_reflection_swap_s2_submission.csv  (200 rows)

===== test inference sa_sensitivity_reflection_swap_s2 =====
$ /usr/bin/python3 predict.py --ckpt /content/DSA-NIFT/outputs/sa_sensitivity_reflection_swap_s2_best.pt --input data/DSANIDF_TestSet.csv --run_name sa_sensitivity_reflection_swap_s2 --split test --model hfl/chinese-macbert-base --lex_mode l1_intensity --out_dir /content/sa_test_out/sa_sensitivity_reflection_swap_s2 --batch_size 32 --max_len 256
Building prefix dict from the default dictionary ...
Loading model from cache /tmp/jieba.cache
Loading model cost 0.794 seconds.
Prefix dict has been built successfully.
2026-08-06 06:53:13.070453: I tensorflow/core/platform/cpu_feature_guard.cc:210] This TensorFlow binary is optimized to use available CPU instructions in performance-critical operations.
To enable the following instructions: AVX2 AVX512F FMA, in other operations, rebuild TensorFlow with the appropriate compiler flags.
input: data/DSANIDF_TestSet.csv  (1100 rows)
loaded: /content/DSA-NIFT/outputs/sa_sensitivity_reflection_swap_s2_best.pt  (lex_mode=l1_intensity, lex_dim=31, pooling=mean)
preds      -> /content/sa_test_out/sa_sensitivity_reflection_swap_s2/preds/sa_sensitivity_reflection_swap_s2_test.csv
submission -> /content/sa_test_out/sa_sensitivity_reflection_swap_s2/sa_sensitivity_reflection_swap_s2_test_submission.csv
[dist] valence mean=5.707 std=1.378 | arousal mean=4.965 std=0.752
