
===== train sa_sensitivity_current_s2 =====
$ /usr/bin/python3 train_v2.py --model hfl/chinese-macbert-base --lex_mode l1_intensity --source_aware --source_weights sentence=1:0.25,text=1:0.5,reflection=1:1,edu2021=1:0.75 --run_name sa_sensitivity_current_s2 --seed 2 --epochs 4 --batch_size 32 --lr 2e-05 --max_len 256
Building prefix dict from the default dictionary ...
Loading model from cache /tmp/jieba.cache
Loading model cost 0.815 seconds.
Prefix dict has been built successfully.
2026-08-05 16:40:20.980826: I tensorflow/core/platform/cpu_feature_guard.cc:210] This TensorFlow binary is optimized to use available CPU instructions in performance-critical operations.
To enable the following instructions: AVX2 AVX512F FMA, in other operations, rebuild TensorFlow with the appropriate compiler flags.
run=sa_sensitivity_current_s2 | device=cuda | model=hfl/chinese-macbert-base | lex=l1_intensity | aw=1.0 pcc_w=0.0 | src_aware=True | rank_aug=None | pooling=mean
train=9435 dev=253 val=200
lexicon dim = 31
source weights (V:A): {'sentence': (1.0, 0.25), 'text': (1.0, 0.5), 'reflection': (1.0, 1.0), 'edu2021': (1.0, 0.75), 'augment': (0.25, 0.0)}
  ep1 step50/295 loss=0.0109
  ep1 step100/295 loss=0.0089
  ep1 step150/295 loss=0.0077
  ep1 step200/295 loss=0.0070
  ep1 step250/295 loss=0.0066
[epoch 1] valence_MAE=0.5036 valence_PCC=0.7889 arousal_MAE=0.8242 arousal_PCC=0.6123  score=0.0367
  ep2 step50/295 loss=0.0036
  ep2 step100/295 loss=0.0037
  ep2 step150/295 loss=0.0037
  ep2 step200/295 loss=0.0036
  ep2 step250/295 loss=0.0036
[epoch 2] valence_MAE=0.4938 valence_PCC=0.8122 arousal_MAE=0.8254 arousal_PCC=0.6213  score=0.0571
  ep3 step50/295 loss=0.0028
  ep3 step100/295 loss=0.0028
  ep3 step150/295 loss=0.0028
  ep3 step200/295 loss=0.0028
  ep3 step250/295 loss=0.0028
[epoch 3] valence_MAE=0.4709 valence_PCC=0.8180 arousal_MAE=0.8201 arousal_PCC=0.6224  score=0.0747
  ep4 step50/295 loss=0.0022
  ep4 step100/295 loss=0.0023
  ep4 step150/295 loss=0.0023
  ep4 step200/295 loss=0.0023
  ep4 step250/295 loss=0.0023
[epoch 4] valence_MAE=0.4745 valence_PCC=0.8182 arousal_MAE=0.8400 arousal_PCC=0.6144  score=0.0590
best dev score = 0.0747
[best] valence_MAE=0.4709 valence_PCC=0.8180 arousal_MAE=0.8201 arousal_PCC=0.6224
submission -> /content/DSA-NIFT/outputs/sa_sensitivity_current_s2_submission.csv  (200 rows)

===== test inference sa_sensitivity_current_s2 =====
$ /usr/bin/python3 predict.py --ckpt /content/DSA-NIFT/outputs/sa_sensitivity_current_s2_best.pt --input data/DSANIDF_TestSet.csv --run_name sa_sensitivity_current_s2 --split test --model hfl/chinese-macbert-base --lex_mode l1_intensity --out_dir /content/sa_test_out/sa_sensitivity_current_s2 --batch_size 32 --max_len 256
Building prefix dict from the default dictionary ...
Loading model from cache /tmp/jieba.cache
Loading model cost 1.304 seconds.
Prefix dict has been built successfully.
2026-08-05 17:09:45.761976: I tensorflow/core/platform/cpu_feature_guard.cc:210] This TensorFlow binary is optimized to use available CPU instructions in performance-critical operations.
To enable the following instructions: AVX2 AVX512F FMA, in other operations, rebuild TensorFlow with the appropriate compiler flags.
input: data/DSANIDF_TestSet.csv  (1100 rows)
loaded: /content/DSA-NIFT/outputs/sa_sensitivity_current_s2_best.pt  (lex_mode=l1_intensity, lex_dim=31, pooling=mean)
preds      -> /content/sa_test_out/sa_sensitivity_current_s2/preds/sa_sensitivity_current_s2_test.csv
submission -> /content/sa_test_out/sa_sensitivity_current_s2/sa_sensitivity_current_s2_test_submission.csv
[dist] valence mean=5.702 std=1.366 | arousal mean=4.949 std=0.739
