
===== train sa_sensitivity_mild_s42 =====
$ /usr/bin/python3 train_v2.py --model hfl/chinese-macbert-base --lex_mode l1_intensity --source_aware --source_weights sentence=1:0.5,text=1:0.75,reflection=1:1,edu2021=1:1 --run_name sa_sensitivity_mild_s42 --seed 42 --epochs 4 --batch_size 32 --lr 2e-05 --max_len 256
Building prefix dict from the default dictionary ...
Loading model from cache /tmp/jieba.cache
Loading model cost 0.810 seconds.
Prefix dict has been built successfully.
2026-08-05 09:30:51.642039: I tensorflow/core/platform/cpu_feature_guard.cc:210] This TensorFlow binary is optimized to use available CPU instructions in performance-critical operations.
To enable the following instructions: AVX2 AVX512F FMA, in other operations, rebuild TensorFlow with the appropriate compiler flags.
run=sa_sensitivity_mild_s42 | device=cuda | model=hfl/chinese-macbert-base | lex=l1_intensity | aw=1.0 pcc_w=0.0 | src_aware=True | rank_aug=None | pooling=mean
train=9435 dev=253 val=200
lexicon dim = 31
source weights (V:A): {'sentence': (1.0, 0.5), 'text': (1.0, 0.75), 'reflection': (1.0, 1.0), 'edu2021': (1.0, 1.0), 'augment': (0.25, 0.0)}
  ep1 step50/295 loss=0.0127
  ep1 step100/295 loss=0.0102
  ep1 step150/295 loss=0.0090
  ep1 step200/295 loss=0.0083
  ep1 step250/295 loss=0.0078
[epoch 1] valence_MAE=0.5005 valence_PCC=0.8053 arousal_MAE=0.8356 arousal_PCC=0.6029  score=0.0361
  ep2 step50/295 loss=0.0042
  ep2 step100/295 loss=0.0042
  ep2 step150/295 loss=0.0042
  ep2 step200/295 loss=0.0042
  ep2 step250/295 loss=0.0042
[epoch 2] valence_MAE=0.4697 valence_PCC=0.8223 arousal_MAE=0.8241 arousal_PCC=0.6165  score=0.0725
  ep3 step50/295 loss=0.0032
  ep3 step100/295 loss=0.0032
  ep3 step150/295 loss=0.0032
  ep3 step200/295 loss=0.0032
  ep3 step250/295 loss=0.0032
[epoch 3] valence_MAE=0.4706 valence_PCC=0.8252 arousal_MAE=0.8408 arousal_PCC=0.6042  score=0.0590
  ep4 step50/295 loss=0.0026
  ep4 step100/295 loss=0.0026
  ep4 step150/295 loss=0.0026
  ep4 step200/295 loss=0.0027
  ep4 step250/295 loss=0.0027
[epoch 4] valence_MAE=0.4698 valence_PCC=0.8246 arousal_MAE=0.8449 arousal_PCC=0.6040  score=0.0569
best dev score = 0.0725
[best] valence_MAE=0.4697 valence_PCC=0.8223 arousal_MAE=0.8241 arousal_PCC=0.6165
submission -> /content/DSA-NIFT/outputs/sa_sensitivity_mild_s42_submission.csv  (200 rows)

===== test inference sa_sensitivity_mild_s42 =====
$ /usr/bin/python3 predict.py --ckpt /content/DSA-NIFT/outputs/sa_sensitivity_mild_s42_best.pt --input data/DSANIDF_TestSet.csv --run_name sa_sensitivity_mild_s42 --split test --model hfl/chinese-macbert-base --lex_mode l1_intensity --out_dir /content/sa_test_out/sa_sensitivity_mild_s42 --batch_size 32 --max_len 256
Building prefix dict from the default dictionary ...
Loading model from cache /tmp/jieba.cache
Loading model cost 0.812 seconds.
Prefix dict has been built successfully.
2026-08-05 10:01:20.531706: I tensorflow/core/platform/cpu_feature_guard.cc:210] This TensorFlow binary is optimized to use available CPU instructions in performance-critical operations.
To enable the following instructions: AVX2 AVX512F FMA, in other operations, rebuild TensorFlow with the appropriate compiler flags.
input: data/DSANIDF_TestSet.csv  (1100 rows)
loaded: /content/DSA-NIFT/outputs/sa_sensitivity_mild_s42_best.pt  (lex_mode=l1_intensity, lex_dim=31, pooling=mean)
preds      -> /content/sa_test_out/sa_sensitivity_mild_s42/preds/sa_sensitivity_mild_s42_test.csv
submission -> /content/sa_test_out/sa_sensitivity_mild_s42/sa_sensitivity_mild_s42_test_submission.csv
[dist] valence mean=5.700 std=1.330 | arousal mean=5.062 std=0.736
