
===== train sa_sensitivity_mild_s2 =====
$ /usr/bin/python3 train_v2.py --model hfl/chinese-macbert-base --lex_mode l1_intensity --source_aware --source_weights sentence=1:0.5,text=1:0.75,reflection=1:1,edu2021=1:1 --run_name sa_sensitivity_mild_s2 --seed 2 --epochs 4 --batch_size 32 --lr 2e-05 --max_len 256
Building prefix dict from the default dictionary ...
Loading model from cache /tmp/jieba.cache
Loading model cost 0.815 seconds.
Prefix dict has been built successfully.
2026-08-05 15:10:23.281618: I tensorflow/core/platform/cpu_feature_guard.cc:210] This TensorFlow binary is optimized to use available CPU instructions in performance-critical operations.
To enable the following instructions: AVX2 AVX512F FMA, in other operations, rebuild TensorFlow with the appropriate compiler flags.
run=sa_sensitivity_mild_s2 | device=cuda | model=hfl/chinese-macbert-base | lex=l1_intensity | aw=1.0 pcc_w=0.0 | src_aware=True | rank_aug=None | pooling=mean
train=9435 dev=253 val=200
lexicon dim = 31
source weights (V:A): {'sentence': (1.0, 0.5), 'text': (1.0, 0.75), 'reflection': (1.0, 1.0), 'edu2021': (1.0, 1.0), 'augment': (0.25, 0.0)}
  ep1 step50/295 loss=0.0122
  ep1 step100/295 loss=0.0100
  ep1 step150/295 loss=0.0087
  ep1 step200/295 loss=0.0080
  ep1 step250/295 loss=0.0076
[epoch 1] valence_MAE=0.5066 valence_PCC=0.7897 arousal_MAE=0.8278 arousal_PCC=0.6086  score=0.0319
  ep2 step50/295 loss=0.0041
  ep2 step100/295 loss=0.0044
  ep2 step150/295 loss=0.0043
  ep2 step200/295 loss=0.0043
  ep2 step250/295 loss=0.0043
[epoch 2] valence_MAE=0.4995 valence_PCC=0.8092 arousal_MAE=0.8363 arousal_PCC=0.6127  score=0.0431
  ep3 step50/295 loss=0.0033
  ep3 step100/295 loss=0.0033
  ep3 step150/295 loss=0.0033
  ep3 step200/295 loss=0.0033
  ep3 step250/295 loss=0.0033
[epoch 3] valence_MAE=0.4728 valence_PCC=0.8176 arousal_MAE=0.8246 arousal_PCC=0.6185  score=0.0694
  ep4 step50/295 loss=0.0026
  ep4 step100/295 loss=0.0027
  ep4 step150/295 loss=0.0027
  ep4 step200/295 loss=0.0027
  ep4 step250/295 loss=0.0026
[epoch 4] valence_MAE=0.4765 valence_PCC=0.8178 arousal_MAE=0.8423 arousal_PCC=0.6115  score=0.0553
best dev score = 0.0694
[best] valence_MAE=0.4728 valence_PCC=0.8176 arousal_MAE=0.8246 arousal_PCC=0.6185
submission -> /content/DSA-NIFT/outputs/sa_sensitivity_mild_s2_submission.csv  (200 rows)

===== test inference sa_sensitivity_mild_s2 =====
$ /usr/bin/python3 predict.py --ckpt /content/DSA-NIFT/outputs/sa_sensitivity_mild_s2_best.pt --input data/DSANIDF_TestSet.csv --run_name sa_sensitivity_mild_s2 --split test --model hfl/chinese-macbert-base --lex_mode l1_intensity --out_dir /content/sa_test_out/sa_sensitivity_mild_s2 --batch_size 32 --max_len 256
Building prefix dict from the default dictionary ...
Loading model from cache /tmp/jieba.cache
Loading model cost 0.799 seconds.
Prefix dict has been built successfully.
2026-08-05 15:39:42.853309: I tensorflow/core/platform/cpu_feature_guard.cc:210] This TensorFlow binary is optimized to use available CPU instructions in performance-critical operations.
To enable the following instructions: AVX2 AVX512F FMA, in other operations, rebuild TensorFlow with the appropriate compiler flags.
input: data/DSANIDF_TestSet.csv  (1100 rows)
loaded: /content/DSA-NIFT/outputs/sa_sensitivity_mild_s2_best.pt  (lex_mode=l1_intensity, lex_dim=31, pooling=mean)
preds      -> /content/sa_test_out/sa_sensitivity_mild_s2/preds/sa_sensitivity_mild_s2_test.csv
submission -> /content/sa_test_out/sa_sensitivity_mild_s2/sa_sensitivity_mild_s2_test_submission.csv
[dist] valence mean=5.705 std=1.371 | arousal mean=4.970 std=0.744
