
===== train sa_sensitivity_uniform_s42 =====
$ /usr/bin/python3 train_v2.py --model hfl/chinese-macbert-base --lex_mode l1_intensity --source_aware --source_weights sentence=1:1,text=1:1,reflection=1:1,edu2021=1:1 --run_name sa_sensitivity_uniform_s42 --seed 42 --epochs 4 --batch_size 32 --lr 2e-05 --max_len 256
/usr/local/lib/python3.12/dist-packages/jieba/__init__.py:44: SyntaxWarning: invalid escape sequence '\.'
  re_han_default = re.compile("([\u4E00-\u9FD5a-zA-Z0-9+#&\._%\-]+)", re.U)
/usr/local/lib/python3.12/dist-packages/jieba/__init__.py:46: SyntaxWarning: invalid escape sequence '\s'
  re_skip_default = re.compile("(\r\n|\s)", re.U)
/usr/local/lib/python3.12/dist-packages/jieba/finalseg/__init__.py:78: SyntaxWarning: invalid escape sequence '\.'
  re_skip = re.compile("([a-zA-Z0-9]+(?:\.\d+)?%?)")
Building prefix dict from the default dictionary ...
Dumping model to file cache /tmp/jieba.cache
Loading model cost 0.613 seconds.
Prefix dict has been built successfully.
2026-08-05 07:57:39.917965: I tensorflow/core/platform/cpu_feature_guard.cc:210] This TensorFlow binary is optimized to use available CPU instructions in performance-critical operations.
To enable the following instructions: AVX2 AVX512F FMA, in other operations, rebuild TensorFlow with the appropriate compiler flags.
run=sa_sensitivity_uniform_s42 | device=cuda | model=hfl/chinese-macbert-base | lex=l1_intensity | aw=1.0 pcc_w=0.0 | src_aware=True | rank_aug=None | pooling=mean
train=9435 dev=253 val=200
lexicon dim = 31
source weights (V:A): {'sentence': (1.0, 1.0), 'text': (1.0, 1.0), 'reflection': (1.0, 1.0), 'edu2021': (1.0, 1.0), 'augment': (0.25, 0.0)}
  ep1 step50/295 loss=0.0141
  ep1 step100/295 loss=0.0115
  ep1 step150/295 loss=0.0102
  ep1 step200/295 loss=0.0094
  ep1 step250/295 loss=0.0089
[epoch 1] valence_MAE=0.5007 valence_PCC=0.8047 arousal_MAE=0.8375 arousal_PCC=0.6028  score=0.0347
  ep2 step50/295 loss=0.0049
  ep2 step100/295 loss=0.0049
  ep2 step150/295 loss=0.0050
  ep2 step200/295 loss=0.0049
  ep2 step250/295 loss=0.0049
[epoch 2] valence_MAE=0.4688 valence_PCC=0.8217 arousal_MAE=0.8289 arousal_PCC=0.6119  score=0.0680
  ep3 step50/295 loss=0.0037
  ep3 step100/295 loss=0.0037
  ep3 step150/295 loss=0.0037
  ep3 step200/295 loss=0.0037
  ep3 step250/295 loss=0.0037
[epoch 3] valence_MAE=0.4724 valence_PCC=0.8239 arousal_MAE=0.8432 arousal_PCC=0.6000  score=0.0541
  ep4 step50/295 loss=0.0030
  ep4 step100/295 loss=0.0029
  ep4 step150/295 loss=0.0030
  ep4 step200/295 loss=0.0030
  ep4 step250/295 loss=0.0031
[epoch 4] valence_MAE=0.4701 valence_PCC=0.8243 arousal_MAE=0.8441 arousal_PCC=0.6017  score=0.0559
best dev score = 0.0680
[best] valence_MAE=0.4688 valence_PCC=0.8217 arousal_MAE=0.8289 arousal_PCC=0.6119
submission -> /content/DSA-NIFT/outputs/sa_sensitivity_uniform_s42_submission.csv  (200 rows)

===== test inference sa_sensitivity_uniform_s42 =====
$ /usr/bin/python3 predict.py --ckpt /content/DSA-NIFT/outputs/sa_sensitivity_uniform_s42_best.pt --input data/DSANIDF_TestSet.csv --run_name sa_sensitivity_uniform_s42 --split test --model hfl/chinese-macbert-base --lex_mode l1_intensity --out_dir /content/sa_test_out/sa_sensitivity_uniform_s42 --batch_size 32 --max_len 256
Building prefix dict from the default dictionary ...
Loading model from cache /tmp/jieba.cache
Loading model cost 0.829 seconds.
Prefix dict has been built successfully.
2026-08-05 08:28:05.586034: I tensorflow/core/platform/cpu_feature_guard.cc:210] This TensorFlow binary is optimized to use available CPU instructions in performance-critical operations.
To enable the following instructions: AVX2 AVX512F FMA, in other operations, rebuild TensorFlow with the appropriate compiler flags.
input: data/DSANIDF_TestSet.csv  (1100 rows)
loaded: /content/DSA-NIFT/outputs/sa_sensitivity_uniform_s42_best.pt  (lex_mode=l1_intensity, lex_dim=31, pooling=mean)
preds      -> /content/sa_test_out/sa_sensitivity_uniform_s42/preds/sa_sensitivity_uniform_s42_test.csv
submission -> /content/sa_test_out/sa_sensitivity_uniform_s42/sa_sensitivity_uniform_s42_test_submission.csv
[dist] valence mean=5.676 std=1.341 | arousal mean=5.053 std=0.718
